// Jest Snapshot v1, https://goo.gl/fbAQLP

exports[`renders correctly 1`] = `
<div>
  <h3>
    Service Answer Details
  </h3>
  <select
    className="form-control"
    onChange={[Function]}
    value={1}
  >
    <option
      value={1}
    />
    <option
      value={2}
    >
      0
    </option>
  </select>
  <label>
    Service Answer Answer
  </label>
  <br />
  <input
    className="form-control"
    onChange={[Function]}
    value={null}
  />
</div>
`;
