// Jest Snapshot v1, https://goo.gl/fbAQLP

exports[`[ServiceNavigatorContainer renders correctly after selecting different category] 1`] = `
<div>
  <div
    className="row"
  >
    <div
      className="col-3"
    >
      <ul
        className="list-group"
      />
    </div>
    <div
      className="col-9"
    >
      <ul
        className="list-group no-border"
      />
    </div>
  </div>
</div>
`;

exports[`[ServiceNavigatorContainer renders correctly after selecting different category] 2`] = `
<div>
  <div
    className="row"
  >
    <div
      className="col-3"
    >
      <ul
        className="list-group"
      />
    </div>
    <div
      className="col-9"
    >
      <ul
        className="list-group no-border"
      />
    </div>
  </div>
</div>
`;

exports[`[ServiceNavigatorContainer renders correctly] 1`] = `
<div>
  <div
    className="row"
  >
    <div
      className="col-3"
    >
      <ul
        className="list-group"
      />
    </div>
    <div
      className="col-9"
    >
      <ul
        className="list-group no-border"
      />
    </div>
  </div>
</div>
`;

exports[`[ServiceNavigatorContainer renders correctly] 2`] = `
<div>
  <div
    className="row"
  >
    <div
      className="col-3"
    >
      <ul
        className="list-group"
      />
    </div>
    <div
      className="col-9"
    >
      <ul
        className="list-group no-border"
      />
    </div>
  </div>
</div>
`;
