// Jest Snapshot v1, https://goo.gl/fbAQLP

exports[`renders correctly 1`] = `
<div>
  <h3>
    Frequently Asked Questions:
  </h3>
  <table
    className="table"
  >
    <thead>
      <tr>
        <th
          scope="col"
        >
          Title
        </th>
        <th
          scope="col"
        >
          Question
        </th>
        <th>
          Â 
        </th>
      </tr>
      <tr>
        <th>
           
          <input
            onChange={[Function]}
            placeholder="Title"
            type="text"
            value=""
          />
           
        </th>
        <th>
           
          <input
            onChange={[Function]}
            placeholder="Question"
            type="text"
            value=""
          />
           
        </th>
        <th>
           
          <button
            className="btn btn-primary btn-block"
            onClick={[Function]}
            type="button"
          >
            Save
          </button>
           
        </th>
        <th>
           
          <button
            className="btn btn-primary btn-block"
            onClick={[Function]}
            type="button"
          >
            Create
          </button>
           
        </th>
      </tr>
    </thead>
    <tbody>
      <tr
        className="faq-row"
        onClick={[Function]}
      >
        <td>
          First question
        </td>
        <td
          align="center"
        >
          How old are you?
        </td>
        <th>
           
          <button
            className="btn btn-primary btn-block"
            onClick={[Function]}
            type="button"
          >
            Edit
          </button>
            
        </th>
        <th>
           
          <button
            className="btn btn-primary btn-block"
            onClick={[Function]}
            type="button"
          >
            Delete
          </button>
              
        </th>
      </tr>
      <tr
        className="faq-row"
        onClick={[Function]}
      >
        <td>
          Fourth question
        </td>
        <td
          align="center"
        >
          How many employees do you have?
        </td>
        <th>
           
          <button
            className="btn btn-primary btn-block"
            onClick={[Function]}
            type="button"
          >
            Edit
          </button>
            
        </th>
        <th>
           
          <button
            className="btn btn-primary btn-block"
            onClick={[Function]}
            type="button"
          >
            Delete
          </button>
              
        </th>
      </tr>
      <tr
        className="faq-row"
        onClick={[Function]}
      >
        <td>
          question
        </td>
        <td
          align="center"
        >
          Did you pass a background check?
        </td>
        <th>
           
          <button
            className="btn btn-primary btn-block"
            onClick={[Function]}
            type="button"
          >
            Edit
          </button>
            
        </th>
        <th>
           
          <button
            className="btn btn-primary btn-block"
            onClick={[Function]}
            type="button"
          >
            Delete
          </button>
              
        </th>
      </tr>
    </tbody>
    <tfoot>
      <tr>
        <td>
          <select
            onChange={[Function]}
            value={10}
          >
            <option>
              10
            </option>
            <option>
              25
            </option>
            <option>
              50
            </option>
            <option>
              100
            </option>
            <option>
              All
            </option>
          </select>
        </td>
        <td>
          <ul
            className="pagination"
          >
            <li
              className="page-item"
            >
              <a
                className="page-link"
                disabled={true}
                onClick={[Function]}
              >
                Previous
              </a>
            </li>
            <li
              className="page-item"
            >
              <a
                className="page-link"
                onClick={[Function]}
              >
                1
              </a>
            </li>
            <li
              className="page-item"
            >
              <a
                className="page-link"
                disabled={false}
                onClick={[Function]}
              >
                Next
              </a>
            </li>
          </ul>
        </td>
        <td>
          <button
            className="btn btn-secondary btn-block"
            onClick={[Function]}
          >
            Search
          </button>
        </td>
      </tr>
    </tfoot>
  </table>
</div>
`;
